


ARM Macro Assembler    Page 1 


    1 00000000         ; Copyright (c) 2015, Nordic Semiconductor ASA
    2 00000000         ; All rights reserved.
    3 00000000         ; 
    4 00000000         ; Redistribution and use in source and binary forms, wit
                       h or without
    5 00000000         ; modification, are permitted provided that the followin
                       g conditions are met:
    6 00000000         ; 
    7 00000000         ; * Redistributions of source code must retain the above
                        copyright notice, this
    8 00000000         ;   list of conditions and the following disclaimer.
    9 00000000         ; 
   10 00000000         ; * Redistributions in binary form must reproduce the ab
                       ove copyright notice,
   11 00000000         ;   this list of conditions and the following disclaimer
                        in the documentation
   12 00000000         ;   and/or other materials provided with the distributio
                       n.
   13 00000000         ; 
   14 00000000         ; * Neither the name of Nordic Semiconductor ASA nor the
                        names of its
   15 00000000         ;   contributors may be used to endorse or promote produ
                       cts derived from
   16 00000000         ;   this software without specific prior written permiss
                       ion.
   17 00000000         ; 
   18 00000000         ; THIS SOFTWARE IS PROVIDED BY THE COPYRIGHT HOLDERS AND
                        CONTRIBUTORS "AS IS"
   19 00000000         ; AND ANY EXPRESS OR IMPLIED WARRANTIES, INCLUDING, BUT 
                       NOT LIMITED TO, THE
   20 00000000         ; IMPLIED WARRANTIES OF MERCHANTABILITY AND FITNESS FOR 
                       A PARTICULAR PURPOSE ARE
   21 00000000         ; DISCLAIMED. IN NO EVENT SHALL THE COPYRIGHT HOLDER OR 
                       CONTRIBUTORS BE LIABLE
   22 00000000         ; FOR ANY DIRECT, INDIRECT, INCIDENTAL, SPECIAL, EXEMPLA
                       RY, OR CONSEQUENTIAL
   23 00000000         ; DAMAGES (INCLUDING, BUT NOT LIMITED TO, PROCUREMENT OF
                        SUBSTITUTE GOODS OR
   24 00000000         ; SERVICES; LOSS OF USE, DATA, OR PROFITS; OR BUSINESS I
                       NTERRUPTION) HOWEVER
   25 00000000         ; CAUSED AND ON ANY THEORY OF LIABILITY, WHETHER IN CONT
                       RACT, STRICT LIABILITY,
   26 00000000         ; OR TORT (INCLUDING NEGLIGENCE OR OTHERWISE) ARISING IN
                        ANY WAY OUT OF THE USE
   27 00000000         ; OF THIS SOFTWARE, EVEN IF ADVISED OF THE POSSIBILITY O
                       F SUCH DAMAGE.
   28 00000000         
   29 00000000         ; NOTE: Template files (including this one) are applicat
                       ion specific and therefore 
   30 00000000         ; expected to be copied into the application project fol
                       der prior to its use!
   31 00000000         
   32 00000000         ; Description message
   33 00000000         
   34 00000000                 IF               :DEF: __STACK_SIZE
   37 00000000 00000800 
                       Stack_Size
                               EQU              2048
   38 00000000                 ENDIF



ARM Macro Assembler    Page 2 


   39 00000000         
   40 00000000                 AREA             STACK, NOINIT, READWRITE, ALIGN
=3
   41 00000000         Stack_Mem
                               SPACE            Stack_Size
   42 00000800         __initial_sp
   43 00000800         
   44 00000800                 IF               :DEF: __HEAP_SIZE
   45 00000800 00000000 
                       Heap_Size
                               EQU              __HEAP_SIZE
   46 00000800                 ELSE
   48                          ENDIF
   49 00000800         
   50 00000800                 AREA             HEAP, NOINIT, READWRITE, ALIGN=
3
   51 00000000         __heap_base
   52 00000000         Heap_Mem
                               SPACE            Heap_Size
   53 00000000         __heap_limit
   54 00000000         
   55 00000000                 PRESERVE8
   56 00000000                 THUMB
   57 00000000         
   58 00000000         ; Vector Table Mapped to Address 0 at Reset
   59 00000000         
   60 00000000                 AREA             RESET, DATA, READONLY
   61 00000000                 EXPORT           __Vectors
   62 00000000                 EXPORT           __Vectors_End
   63 00000000                 EXPORT           __Vectors_Size
   64 00000000         
   65 00000000 00000000 
                       __Vectors
                               DCD              __initial_sp ; Top of Stack
   66 00000004 00000000        DCD              Reset_Handler
   67 00000008 00000000        DCD              NMI_Handler
   68 0000000C 00000000        DCD              HardFault_Handler
   69 00000010 00000000        DCD              0           ; Reserved
   70 00000014 00000000        DCD              0           ; Reserved
   71 00000018 00000000        DCD              0           ; Reserved
   72 0000001C 00000000        DCD              0           ; Reserved
   73 00000020 00000000        DCD              0           ; Reserved
   74 00000024 00000000        DCD              0           ; Reserved
   75 00000028 00000000        DCD              0           ; Reserved
   76 0000002C 00000000        DCD              SVC_Handler
   77 00000030 00000000        DCD              0           ; Reserved
   78 00000034 00000000        DCD              0           ; Reserved
   79 00000038 00000000        DCD              PendSV_Handler
   80 0000003C 00000000        DCD              SysTick_Handler
   81 00000040         
   82 00000040         ; External Interrupts
   83 00000040 00000000        DCD              POWER_CLOCK_IRQHandler
   84 00000044 00000000        DCD              RADIO_IRQHandler
   85 00000048 00000000        DCD              UART0_IRQHandler
   86 0000004C 00000000        DCD              SPI0_TWI0_IRQHandler
   87 00000050 00000000        DCD              SPI1_TWI1_IRQHandler
   88 00000054 00000000        DCD              0           ; Reserved
   89 00000058 00000000        DCD              GPIOTE_IRQHandler
   90 0000005C 00000000        DCD              ADC_IRQHandler



ARM Macro Assembler    Page 3 


   91 00000060 00000000        DCD              TIMER0_IRQHandler
   92 00000064 00000000        DCD              TIMER1_IRQHandler
   93 00000068 00000000        DCD              TIMER2_IRQHandler
   94 0000006C 00000000        DCD              RTC0_IRQHandler
   95 00000070 00000000        DCD              TEMP_IRQHandler
   96 00000074 00000000        DCD              RNG_IRQHandler
   97 00000078 00000000        DCD              ECB_IRQHandler
   98 0000007C 00000000        DCD              CCM_AAR_IRQHandler
   99 00000080 00000000        DCD              WDT_IRQHandler
  100 00000084 00000000        DCD              RTC1_IRQHandler
  101 00000088 00000000        DCD              QDEC_IRQHandler
  102 0000008C 00000000        DCD              LPCOMP_IRQHandler
  103 00000090 00000000        DCD              SWI0_IRQHandler
  104 00000094 00000000        DCD              SWI1_IRQHandler
  105 00000098 00000000        DCD              SWI2_IRQHandler
  106 0000009C 00000000        DCD              SWI3_IRQHandler
  107 000000A0 00000000        DCD              SWI4_IRQHandler
  108 000000A4 00000000        DCD              SWI5_IRQHandler
  109 000000A8 00000000        DCD              0           ; Reserved
  110 000000AC 00000000        DCD              0           ; Reserved
  111 000000B0 00000000        DCD              0           ; Reserved
  112 000000B4 00000000        DCD              0           ; Reserved
  113 000000B8 00000000        DCD              0           ; Reserved
  114 000000BC 00000000        DCD              0           ; Reserved
  115 000000C0         
  116 000000C0         __Vectors_End
  117 000000C0         
  118 000000C0 000000C0 
                       __Vectors_Size
                               EQU              __Vectors_End - __Vectors
  119 000000C0         
  120 000000C0                 AREA             |.text|, CODE, READONLY
  121 00000000         
  122 00000000         ; Reset Handler
  123 00000000         
  124 00000000 40000524 
                       NRF_POWER_RAMON_ADDRESS
                               EQU              0x40000524  ; NRF_POWER->RAMON 
                                                            address
  125 00000000 40000554 
                       NRF_POWER_RAMONB_ADDRESS
                               EQU              0x40000554  ; NRF_POWER->RAMONB
                                                             address
  126 00000000 00000003 
                       NRF_POWER_RAMONx_RAMxON_ONMODE_Msk
                               EQU              0x3         ; All RAM blocks on
                                                             in onmode bit mask
                                                            
  127 00000000         
  128 00000000         Reset_Handler
                               PROC
  129 00000000                 EXPORT           Reset_Handler             [WEAK
]
  130 00000000                 IMPORT           SystemInit
  131 00000000                 IMPORT           __main
  132 00000000         
  133 00000000 2103            MOVS             R1, #NRF_POWER_RAMONx_RAMxON_ON
MODE_Msk
  134 00000002         



ARM Macro Assembler    Page 4 


  135 00000002 4809            LDR              R0, =NRF_POWER_RAMON_ADDRESS
  136 00000004 6802            LDR              R2, [R0]
  137 00000006 430A            ORRS             R2, R2, R1
  138 00000008 6002            STR              R2, [R0]
  139 0000000A         
  140 0000000A 4808            LDR              R0, =NRF_POWER_RAMONB_ADDRESS
  141 0000000C 6802            LDR              R2, [R0]
  142 0000000E 430A            ORRS             R2, R2, R1
  143 00000010 6002            STR              R2, [R0]
  144 00000012         
  145 00000012 4807            LDR              R0, =SystemInit
  146 00000014 4780            BLX              R0
  147 00000016 4807            LDR              R0, =__main
  148 00000018 4700            BX               R0
  149 0000001A                 ENDP
  150 0000001A         
  151 0000001A         ; Dummy Exception Handlers (infinite loops which can be 
                       modified)
  152 0000001A         
  153 0000001A         NMI_Handler
                               PROC
  154 0000001A                 EXPORT           NMI_Handler               [WEAK
]
  155 0000001A E7FE            B                .
  156 0000001C                 ENDP
  158 0000001C         HardFault_Handler
                               PROC
  159 0000001C                 EXPORT           HardFault_Handler         [WEAK
]
  160 0000001C E7FE            B                .
  161 0000001E                 ENDP
  162 0000001E         SVC_Handler
                               PROC
  163 0000001E                 EXPORT           SVC_Handler               [WEAK
]
  164 0000001E E7FE            B                .
  165 00000020                 ENDP
  166 00000020         PendSV_Handler
                               PROC
  167 00000020                 EXPORT           PendSV_Handler            [WEAK
]
  168 00000020 E7FE            B                .
  169 00000022                 ENDP
  170 00000022         SysTick_Handler
                               PROC
  171 00000022                 EXPORT           SysTick_Handler           [WEAK
]
  172 00000022 E7FE            B                .
  173 00000024                 ENDP
  174 00000024         
  175 00000024         Default_Handler
                               PROC
  176 00000024         
  177 00000024                 EXPORT           POWER_CLOCK_IRQHandler [WEAK]
  178 00000024                 EXPORT           RADIO_IRQHandler [WEAK]
  179 00000024                 EXPORT           UART0_IRQHandler [WEAK]
  180 00000024                 EXPORT           SPI0_TWI0_IRQHandler [WEAK]
  181 00000024                 EXPORT           SPI1_TWI1_IRQHandler [WEAK]
  182 00000024                 EXPORT           GPIOTE_IRQHandler [WEAK]



ARM Macro Assembler    Page 5 


  183 00000024                 EXPORT           ADC_IRQHandler [WEAK]
  184 00000024                 EXPORT           TIMER0_IRQHandler [WEAK]
  185 00000024                 EXPORT           TIMER1_IRQHandler [WEAK]
  186 00000024                 EXPORT           TIMER2_IRQHandler [WEAK]
  187 00000024                 EXPORT           RTC0_IRQHandler [WEAK]
  188 00000024                 EXPORT           TEMP_IRQHandler [WEAK]
  189 00000024                 EXPORT           RNG_IRQHandler [WEAK]
  190 00000024                 EXPORT           ECB_IRQHandler [WEAK]
  191 00000024                 EXPORT           CCM_AAR_IRQHandler [WEAK]
  192 00000024                 EXPORT           WDT_IRQHandler [WEAK]
  193 00000024                 EXPORT           RTC1_IRQHandler [WEAK]
  194 00000024                 EXPORT           QDEC_IRQHandler [WEAK]
  195 00000024                 EXPORT           LPCOMP_IRQHandler [WEAK]
  196 00000024                 EXPORT           SWI0_IRQHandler [WEAK]
  197 00000024                 EXPORT           SWI1_IRQHandler [WEAK]
  198 00000024                 EXPORT           SWI2_IRQHandler [WEAK]
  199 00000024                 EXPORT           SWI3_IRQHandler [WEAK]
  200 00000024                 EXPORT           SWI4_IRQHandler [WEAK]
  201 00000024                 EXPORT           SWI5_IRQHandler [WEAK]
  202 00000024         POWER_CLOCK_IRQHandler
  203 00000024         RADIO_IRQHandler
  204 00000024         UART0_IRQHandler
  205 00000024         SPI0_TWI0_IRQHandler
  206 00000024         SPI1_TWI1_IRQHandler
  207 00000024         GPIOTE_IRQHandler
  208 00000024         ADC_IRQHandler
  209 00000024         TIMER0_IRQHandler
  210 00000024         TIMER1_IRQHandler
  211 00000024         TIMER2_IRQHandler
  212 00000024         RTC0_IRQHandler
  213 00000024         TEMP_IRQHandler
  214 00000024         RNG_IRQHandler
  215 00000024         ECB_IRQHandler
  216 00000024         CCM_AAR_IRQHandler
  217 00000024         WDT_IRQHandler
  218 00000024         RTC1_IRQHandler
  219 00000024         QDEC_IRQHandler
  220 00000024         LPCOMP_IRQHandler
  221 00000024         SWI0_IRQHandler
  222 00000024         SWI1_IRQHandler
  223 00000024         SWI2_IRQHandler
  224 00000024         SWI3_IRQHandler
  225 00000024         SWI4_IRQHandler
  226 00000024         SWI5_IRQHandler
  227 00000024 E7FE            B                .
  228 00000026                 ENDP
  229 00000026 00 00           ALIGN
  230 00000028         
  231 00000028         ; User Initial Stack & Heap
  232 00000028         
  233 00000028                 IF               :DEF:__MICROLIB
  234 00000028         
  235 00000028                 EXPORT           __initial_sp
  236 00000028                 EXPORT           __heap_base
  237 00000028                 EXPORT           __heap_limit
  238 00000028         
  239 00000028                 ELSE
  253                          ENDIF
  254 00000028         



ARM Macro Assembler    Page 6 


  255 00000028                 END
              40000524 
              40000554 
              00000000 
              00000000 
Command Line: --debug --xref --cpu=Cortex-M0 --apcs=interwork --depend=.\_build
\arm_startup_nrf51.d -o.\_build\arm_startup_nrf51.o -IF:\RedBear_Work_Finished\
nRF51822_N4\Bootloader\nRF51_SDK_10.0.0_DFU_S130_1.0\examples\dfu\bootloader\pc
a10028\dual_bank_ble_s130\arm5_no_packs\RTE -IC:\Keil_v5\ARM\PACK\ARM\CMSIS\4.5
.0\CMSIS\Include -IC:\Keil_v5\ARM\PACK\NordicSemiconductor\nRF_DeviceFamilyPack
\8.2.0\Device\Include -IC:\Keil_v5\ARM\PACK\NordicSemiconductor\nRF_DeviceFamil
yPack\8.7.1\Device\Include --predefine="__MICROLIB SETA 1" --predefine="__UVISI
ON_VERSION SETA 513" --predefine="_RTE_ SETA 1" --predefine="NRF51 SETA 1" --pr
edefine="BLE_STACK_SUPPORT_REQD SETA 1" --predefine="__HEAP_SIZE SETA 0" --pred
efine="BOARD_PCA10028 SETA 1" --predefine="S130 SETA 1" --predefine="BSP_DEFINE
S_ONLY SETA 1" --predefine="NRF51 SETA 1" --predefine="SOFTDEVICE_PRESENT SETA 
1" --predefine="SWI_DISABLE0 SETA 1" --list=.\_build\arm_startup_nrf51.lst RTE\
Device\nRF51822_xxAA\arm_startup_nrf51.s



ARM Macro Assembler    Page 1 Alphabetic symbol ordering
Relocatable symbols

STACK 00000000

Symbol: STACK
   Definitions
      At line 40 in file RTE\Device\nRF51822_xxAA\arm_startup_nrf51.s
   Uses
      None
Comment: STACK unused
Stack_Mem 00000000

Symbol: Stack_Mem
   Definitions
      At line 41 in file RTE\Device\nRF51822_xxAA\arm_startup_nrf51.s
   Uses
      None
Comment: Stack_Mem unused
__initial_sp 00000800

Symbol: __initial_sp
   Definitions
      At line 42 in file RTE\Device\nRF51822_xxAA\arm_startup_nrf51.s
   Uses
      At line 65 in file RTE\Device\nRF51822_xxAA\arm_startup_nrf51.s
      At line 235 in file RTE\Device\nRF51822_xxAA\arm_startup_nrf51.s

3 symbols



ARM Macro Assembler    Page 1 Alphabetic symbol ordering
Relocatable symbols

HEAP 00000000

Symbol: HEAP
   Definitions
      At line 50 in file RTE\Device\nRF51822_xxAA\arm_startup_nrf51.s
   Uses
      None
Comment: HEAP unused
Heap_Mem 00000000

Symbol: Heap_Mem
   Definitions
      At line 52 in file RTE\Device\nRF51822_xxAA\arm_startup_nrf51.s
   Uses
      None
Comment: Heap_Mem unused
__heap_base 00000000

Symbol: __heap_base
   Definitions
      At line 51 in file RTE\Device\nRF51822_xxAA\arm_startup_nrf51.s
   Uses
      At line 236 in file RTE\Device\nRF51822_xxAA\arm_startup_nrf51.s
Comment: __heap_base used once
__heap_limit 00000000

Symbol: __heap_limit
   Definitions
      At line 53 in file RTE\Device\nRF51822_xxAA\arm_startup_nrf51.s
   Uses
      At line 237 in file RTE\Device\nRF51822_xxAA\arm_startup_nrf51.s
Comment: __heap_limit used once
4 symbols



ARM Macro Assembler    Page 1 Alphabetic symbol ordering
Relocatable symbols

RESET 00000000

Symbol: RESET
   Definitions
      At line 60 in file RTE\Device\nRF51822_xxAA\arm_startup_nrf51.s
   Uses
      None
Comment: RESET unused
__Vectors 00000000

Symbol: __Vectors
   Definitions
      At line 65 in file RTE\Device\nRF51822_xxAA\arm_startup_nrf51.s
   Uses
      At line 61 in file RTE\Device\nRF51822_xxAA\arm_startup_nrf51.s
      At line 118 in file RTE\Device\nRF51822_xxAA\arm_startup_nrf51.s

__Vectors_End 000000C0

Symbol: __Vectors_End
   Definitions
      At line 116 in file RTE\Device\nRF51822_xxAA\arm_startup_nrf51.s
   Uses
      At line 62 in file RTE\Device\nRF51822_xxAA\arm_startup_nrf51.s
      At line 118 in file RTE\Device\nRF51822_xxAA\arm_startup_nrf51.s

3 symbols



ARM Macro Assembler    Page 1 Alphabetic symbol ordering
Relocatable symbols

.text 00000000

Symbol: .text
   Definitions
      At line 120 in file RTE\Device\nRF51822_xxAA\arm_startup_nrf51.s
   Uses
      None
Comment: .text unused
ADC_IRQHandler 00000024

Symbol: ADC_IRQHandler
   Definitions
      At line 208 in file RTE\Device\nRF51822_xxAA\arm_startup_nrf51.s
   Uses
      At line 90 in file RTE\Device\nRF51822_xxAA\arm_startup_nrf51.s
      At line 183 in file RTE\Device\nRF51822_xxAA\arm_startup_nrf51.s

CCM_AAR_IRQHandler 00000024

Symbol: CCM_AAR_IRQHandler
   Definitions
      At line 216 in file RTE\Device\nRF51822_xxAA\arm_startup_nrf51.s
   Uses
      At line 98 in file RTE\Device\nRF51822_xxAA\arm_startup_nrf51.s
      At line 191 in file RTE\Device\nRF51822_xxAA\arm_startup_nrf51.s

Default_Handler 00000024

Symbol: Default_Handler
   Definitions
      At line 175 in file RTE\Device\nRF51822_xxAA\arm_startup_nrf51.s
   Uses
      None
Comment: Default_Handler unused
ECB_IRQHandler 00000024

Symbol: ECB_IRQHandler
   Definitions
      At line 215 in file RTE\Device\nRF51822_xxAA\arm_startup_nrf51.s
   Uses
      At line 97 in file RTE\Device\nRF51822_xxAA\arm_startup_nrf51.s
      At line 190 in file RTE\Device\nRF51822_xxAA\arm_startup_nrf51.s

GPIOTE_IRQHandler 00000024

Symbol: GPIOTE_IRQHandler
   Definitions
      At line 207 in file RTE\Device\nRF51822_xxAA\arm_startup_nrf51.s
   Uses
      At line 89 in file RTE\Device\nRF51822_xxAA\arm_startup_nrf51.s
      At line 182 in file RTE\Device\nRF51822_xxAA\arm_startup_nrf51.s

HardFault_Handler 0000001C

Symbol: HardFault_Handler
   Definitions
      At line 158 in file RTE\Device\nRF51822_xxAA\arm_startup_nrf51.s
   Uses
      At line 68 in file RTE\Device\nRF51822_xxAA\arm_startup_nrf51.s



ARM Macro Assembler    Page 2 Alphabetic symbol ordering
Relocatable symbols

      At line 159 in file RTE\Device\nRF51822_xxAA\arm_startup_nrf51.s

LPCOMP_IRQHandler 00000024

Symbol: LPCOMP_IRQHandler
   Definitions
      At line 220 in file RTE\Device\nRF51822_xxAA\arm_startup_nrf51.s
   Uses
      At line 102 in file RTE\Device\nRF51822_xxAA\arm_startup_nrf51.s
      At line 195 in file RTE\Device\nRF51822_xxAA\arm_startup_nrf51.s

NMI_Handler 0000001A

Symbol: NMI_Handler
   Definitions
      At line 153 in file RTE\Device\nRF51822_xxAA\arm_startup_nrf51.s
   Uses
      At line 67 in file RTE\Device\nRF51822_xxAA\arm_startup_nrf51.s
      At line 154 in file RTE\Device\nRF51822_xxAA\arm_startup_nrf51.s

POWER_CLOCK_IRQHandler 00000024

Symbol: POWER_CLOCK_IRQHandler
   Definitions
      At line 202 in file RTE\Device\nRF51822_xxAA\arm_startup_nrf51.s
   Uses
      At line 83 in file RTE\Device\nRF51822_xxAA\arm_startup_nrf51.s
      At line 177 in file RTE\Device\nRF51822_xxAA\arm_startup_nrf51.s

PendSV_Handler 00000020

Symbol: PendSV_Handler
   Definitions
      At line 166 in file RTE\Device\nRF51822_xxAA\arm_startup_nrf51.s
   Uses
      At line 79 in file RTE\Device\nRF51822_xxAA\arm_startup_nrf51.s
      At line 167 in file RTE\Device\nRF51822_xxAA\arm_startup_nrf51.s

QDEC_IRQHandler 00000024

Symbol: QDEC_IRQHandler
   Definitions
      At line 219 in file RTE\Device\nRF51822_xxAA\arm_startup_nrf51.s
   Uses
      At line 101 in file RTE\Device\nRF51822_xxAA\arm_startup_nrf51.s
      At line 194 in file RTE\Device\nRF51822_xxAA\arm_startup_nrf51.s

RADIO_IRQHandler 00000024

Symbol: RADIO_IRQHandler
   Definitions
      At line 203 in file RTE\Device\nRF51822_xxAA\arm_startup_nrf51.s
   Uses
      At line 84 in file RTE\Device\nRF51822_xxAA\arm_startup_nrf51.s
      At line 178 in file RTE\Device\nRF51822_xxAA\arm_startup_nrf51.s

RNG_IRQHandler 00000024

Symbol: RNG_IRQHandler



ARM Macro Assembler    Page 3 Alphabetic symbol ordering
Relocatable symbols

   Definitions
      At line 214 in file RTE\Device\nRF51822_xxAA\arm_startup_nrf51.s
   Uses
      At line 96 in file RTE\Device\nRF51822_xxAA\arm_startup_nrf51.s
      At line 189 in file RTE\Device\nRF51822_xxAA\arm_startup_nrf51.s

RTC0_IRQHandler 00000024

Symbol: RTC0_IRQHandler
   Definitions
      At line 212 in file RTE\Device\nRF51822_xxAA\arm_startup_nrf51.s
   Uses
      At line 94 in file RTE\Device\nRF51822_xxAA\arm_startup_nrf51.s
      At line 187 in file RTE\Device\nRF51822_xxAA\arm_startup_nrf51.s

RTC1_IRQHandler 00000024

Symbol: RTC1_IRQHandler
   Definitions
      At line 218 in file RTE\Device\nRF51822_xxAA\arm_startup_nrf51.s
   Uses
      At line 100 in file RTE\Device\nRF51822_xxAA\arm_startup_nrf51.s
      At line 193 in file RTE\Device\nRF51822_xxAA\arm_startup_nrf51.s

Reset_Handler 00000000

Symbol: Reset_Handler
   Definitions
      At line 128 in file RTE\Device\nRF51822_xxAA\arm_startup_nrf51.s
   Uses
      At line 66 in file RTE\Device\nRF51822_xxAA\arm_startup_nrf51.s
      At line 129 in file RTE\Device\nRF51822_xxAA\arm_startup_nrf51.s

SPI0_TWI0_IRQHandler 00000024

Symbol: SPI0_TWI0_IRQHandler
   Definitions
      At line 205 in file RTE\Device\nRF51822_xxAA\arm_startup_nrf51.s
   Uses
      At line 86 in file RTE\Device\nRF51822_xxAA\arm_startup_nrf51.s
      At line 180 in file RTE\Device\nRF51822_xxAA\arm_startup_nrf51.s

SPI1_TWI1_IRQHandler 00000024

Symbol: SPI1_TWI1_IRQHandler
   Definitions
      At line 206 in file RTE\Device\nRF51822_xxAA\arm_startup_nrf51.s
   Uses
      At line 87 in file RTE\Device\nRF51822_xxAA\arm_startup_nrf51.s
      At line 181 in file RTE\Device\nRF51822_xxAA\arm_startup_nrf51.s

SVC_Handler 0000001E

Symbol: SVC_Handler
   Definitions
      At line 162 in file RTE\Device\nRF51822_xxAA\arm_startup_nrf51.s
   Uses
      At line 76 in file RTE\Device\nRF51822_xxAA\arm_startup_nrf51.s
      At line 163 in file RTE\Device\nRF51822_xxAA\arm_startup_nrf51.s



ARM Macro Assembler    Page 4 Alphabetic symbol ordering
Relocatable symbols


SWI0_IRQHandler 00000024

Symbol: SWI0_IRQHandler
   Definitions
      At line 221 in file RTE\Device\nRF51822_xxAA\arm_startup_nrf51.s
   Uses
      At line 103 in file RTE\Device\nRF51822_xxAA\arm_startup_nrf51.s
      At line 196 in file RTE\Device\nRF51822_xxAA\arm_startup_nrf51.s

SWI1_IRQHandler 00000024

Symbol: SWI1_IRQHandler
   Definitions
      At line 222 in file RTE\Device\nRF51822_xxAA\arm_startup_nrf51.s
   Uses
      At line 104 in file RTE\Device\nRF51822_xxAA\arm_startup_nrf51.s
      At line 197 in file RTE\Device\nRF51822_xxAA\arm_startup_nrf51.s

SWI2_IRQHandler 00000024

Symbol: SWI2_IRQHandler
   Definitions
      At line 223 in file RTE\Device\nRF51822_xxAA\arm_startup_nrf51.s
   Uses
      At line 105 in file RTE\Device\nRF51822_xxAA\arm_startup_nrf51.s
      At line 198 in file RTE\Device\nRF51822_xxAA\arm_startup_nrf51.s

SWI3_IRQHandler 00000024

Symbol: SWI3_IRQHandler
   Definitions
      At line 224 in file RTE\Device\nRF51822_xxAA\arm_startup_nrf51.s
   Uses
      At line 106 in file RTE\Device\nRF51822_xxAA\arm_startup_nrf51.s
      At line 199 in file RTE\Device\nRF51822_xxAA\arm_startup_nrf51.s

SWI4_IRQHandler 00000024

Symbol: SWI4_IRQHandler
   Definitions
      At line 225 in file RTE\Device\nRF51822_xxAA\arm_startup_nrf51.s
   Uses
      At line 107 in file RTE\Device\nRF51822_xxAA\arm_startup_nrf51.s
      At line 200 in file RTE\Device\nRF51822_xxAA\arm_startup_nrf51.s

SWI5_IRQHandler 00000024

Symbol: SWI5_IRQHandler
   Definitions
      At line 226 in file RTE\Device\nRF51822_xxAA\arm_startup_nrf51.s
   Uses
      At line 108 in file RTE\Device\nRF51822_xxAA\arm_startup_nrf51.s
      At line 201 in file RTE\Device\nRF51822_xxAA\arm_startup_nrf51.s

SysTick_Handler 00000022

Symbol: SysTick_Handler
   Definitions



ARM Macro Assembler    Page 5 Alphabetic symbol ordering
Relocatable symbols

      At line 170 in file RTE\Device\nRF51822_xxAA\arm_startup_nrf51.s
   Uses
      At line 80 in file RTE\Device\nRF51822_xxAA\arm_startup_nrf51.s
      At line 171 in file RTE\Device\nRF51822_xxAA\arm_startup_nrf51.s

TEMP_IRQHandler 00000024

Symbol: TEMP_IRQHandler
   Definitions
      At line 213 in file RTE\Device\nRF51822_xxAA\arm_startup_nrf51.s
   Uses
      At line 95 in file RTE\Device\nRF51822_xxAA\arm_startup_nrf51.s
      At line 188 in file RTE\Device\nRF51822_xxAA\arm_startup_nrf51.s

TIMER0_IRQHandler 00000024

Symbol: TIMER0_IRQHandler
   Definitions
      At line 209 in file RTE\Device\nRF51822_xxAA\arm_startup_nrf51.s
   Uses
      At line 91 in file RTE\Device\nRF51822_xxAA\arm_startup_nrf51.s
      At line 184 in file RTE\Device\nRF51822_xxAA\arm_startup_nrf51.s

TIMER1_IRQHandler 00000024

Symbol: TIMER1_IRQHandler
   Definitions
      At line 210 in file RTE\Device\nRF51822_xxAA\arm_startup_nrf51.s
   Uses
      At line 92 in file RTE\Device\nRF51822_xxAA\arm_startup_nrf51.s
      At line 185 in file RTE\Device\nRF51822_xxAA\arm_startup_nrf51.s

TIMER2_IRQHandler 00000024

Symbol: TIMER2_IRQHandler
   Definitions
      At line 211 in file RTE\Device\nRF51822_xxAA\arm_startup_nrf51.s
   Uses
      At line 93 in file RTE\Device\nRF51822_xxAA\arm_startup_nrf51.s
      At line 186 in file RTE\Device\nRF51822_xxAA\arm_startup_nrf51.s

UART0_IRQHandler 00000024

Symbol: UART0_IRQHandler
   Definitions
      At line 204 in file RTE\Device\nRF51822_xxAA\arm_startup_nrf51.s
   Uses
      At line 85 in file RTE\Device\nRF51822_xxAA\arm_startup_nrf51.s
      At line 179 in file RTE\Device\nRF51822_xxAA\arm_startup_nrf51.s

WDT_IRQHandler 00000024

Symbol: WDT_IRQHandler
   Definitions
      At line 217 in file RTE\Device\nRF51822_xxAA\arm_startup_nrf51.s
   Uses
      At line 99 in file RTE\Device\nRF51822_xxAA\arm_startup_nrf51.s
      At line 192 in file RTE\Device\nRF51822_xxAA\arm_startup_nrf51.s




ARM Macro Assembler    Page 6 Alphabetic symbol ordering
Relocatable symbols

33 symbols



ARM Macro Assembler    Page 1 Alphabetic symbol ordering
Absolute symbols

Heap_Size 00000000

Symbol: Heap_Size
   Definitions
      At line 45 in file RTE\Device\nRF51822_xxAA\arm_startup_nrf51.s
   Uses
      At line 52 in file RTE\Device\nRF51822_xxAA\arm_startup_nrf51.s
Comment: Heap_Size used once
NRF_POWER_RAMONB_ADDRESS 40000554

Symbol: NRF_POWER_RAMONB_ADDRESS
   Definitions
      At line 125 in file RTE\Device\nRF51822_xxAA\arm_startup_nrf51.s
   Uses
      At line 140 in file RTE\Device\nRF51822_xxAA\arm_startup_nrf51.s
Comment: NRF_POWER_RAMONB_ADDRESS used once
NRF_POWER_RAMON_ADDRESS 40000524

Symbol: NRF_POWER_RAMON_ADDRESS
   Definitions
      At line 124 in file RTE\Device\nRF51822_xxAA\arm_startup_nrf51.s
   Uses
      At line 135 in file RTE\Device\nRF51822_xxAA\arm_startup_nrf51.s
Comment: NRF_POWER_RAMON_ADDRESS used once
NRF_POWER_RAMONx_RAMxON_ONMODE_Msk 00000003

Symbol: NRF_POWER_RAMONx_RAMxON_ONMODE_Msk
   Definitions
      At line 126 in file RTE\Device\nRF51822_xxAA\arm_startup_nrf51.s
   Uses
      At line 133 in file RTE\Device\nRF51822_xxAA\arm_startup_nrf51.s
Comment: NRF_POWER_RAMONx_RAMxON_ONMODE_Msk used once
Stack_Size 00000800

Symbol: Stack_Size
   Definitions
      At line 37 in file RTE\Device\nRF51822_xxAA\arm_startup_nrf51.s
   Uses
      At line 41 in file RTE\Device\nRF51822_xxAA\arm_startup_nrf51.s
Comment: Stack_Size used once
__Vectors_Size 000000C0

Symbol: __Vectors_Size
   Definitions
      At line 118 in file RTE\Device\nRF51822_xxAA\arm_startup_nrf51.s
   Uses
      At line 63 in file RTE\Device\nRF51822_xxAA\arm_startup_nrf51.s
Comment: __Vectors_Size used once
6 symbols



ARM Macro Assembler    Page 1 Alphabetic symbol ordering
External symbols

SystemInit 00000000

Symbol: SystemInit
   Definitions
      At line 130 in file RTE\Device\nRF51822_xxAA\arm_startup_nrf51.s
   Uses
      At line 145 in file RTE\Device\nRF51822_xxAA\arm_startup_nrf51.s
Comment: SystemInit used once
__main 00000000

Symbol: __main
   Definitions
      At line 131 in file RTE\Device\nRF51822_xxAA\arm_startup_nrf51.s
   Uses
      At line 147 in file RTE\Device\nRF51822_xxAA\arm_startup_nrf51.s
Comment: __main used once
2 symbols
396 symbols in table
